../Core/Src/main.c:105:6:calculateDCandAC	80	static
../Core/Src/main.c:123:6:processADCData	16	static
../Core/Src/main.c:153:7:calculateSpO2	32	static
../Core/Src/main.c:177:7:calculateHeartRate	32	static
../Core/Src/main.c:214:14:HeartRateAnimationWithDisplay	80	dynamic
../Core/Src/main.c:270:5:main	64	static
../Core/Src/main.c:456:6:SystemClock_Config	96	static
../Core/Src/main.c:517:13:MX_ADC1_Init	48	static
../Core/Src/main.c:602:13:MX_ADC2_Init	32	static
../Core/Src/main.c:676:13:MX_I2C1_Init	8	static
../Core/Src/main.c:724:13:MX_TIM1_Init	112	static
../Core/Src/main.c:819:13:MX_TIM2_Init	88	static
../Core/Src/main.c:885:13:MX_USART2_UART_Init	8	static
../Core/Src/main.c:918:13:MX_DMA_Init	16	static
../Core/Src/main.c:939:13:MX_GPIO_Init	48	static
../Core/Src/main.c:974:6:HAL_ADC_ConvHalfCpltCallback	16	static
../Core/Src/main.c:981:6:HAL_ADC_ConvCpltCallback	16	static
../Core/Src/main.c:1000:6:Error_Handler	4	static,ignoring_inline_asm
